// Jest Snapshot v1, https://goo.gl/fbAQLP

exports[`club queries genres correctly 1`] = `
{
  "data": {
    "genres": [
      {
        "id": 1,
        "name": "genre1",
      },
      {
        "id": 2,
        "name": "genre2",
      },
      {
        "id": 3,
        "name": "genre3",
      },
    ],
  },
  "errors": undefined,
  "extensions": undefined,
  "http": {
    "headers": Headers {
      Symbol(map): {},
    },
  },
}
`;
